<?xml version="1.0" encoding="UTF-8"?>
<TestRun id="0883be7b-a07e-4be5-915c-6100d1392446" name="Mufflon@HOME-PC 2011-09-27 20:57:33" runUser="HOME-PC\Mufflon" xmlns="http://microsoft.com/schemas/VisualStudio/TeamTest/2010">
  <TestSettings name="Local" id="6c7d477a-e894-4a70-b286-0f6354b03526">
    <Description>These are default test settings for a local test run.</Description>
    <Deployment enabled="false" runDeploymentRoot="Mufflon_HOME-PC 2011-09-27 20_57_33">
      <DeploymentItem filename="C:\Users\Mufflon\documents\visual studio 11\Projects\ConstructorTester\packages\NUnit.2.5.10.11092\lib\nunit.framework.dll" />
      <DeploymentItem filename="C:\Users\Mufflon\documents\visual studio 11\Projects\ConstructorTester\packages\NUnit.2.5.10.11092\lib\nunit.mocks.dll" />
      <DeploymentItem filename="C:\Users\Mufflon\documents\visual studio 11\Projects\ConstructorTester\ConstructorTester\bin\Debug\ConstructorTester.dll" />
      <DeploymentItem filename="C:\Users\Mufflon\documents\visual studio 11\Projects\ConstructorTester\packages\NUnit.2.5.10.11092\lib\pnunit.framework.dll" />
    </Deployment>
    <Execution>
      <TestTypeSpecific />
      <AgentRule name="Execution Agents">
      </AgentRule>
    </Execution>
  </TestSettings>
  <Times creation="2011-09-27T20:57:33.6115547+02:00" queuing="2011-09-27T20:57:33.6765547+02:00" start="2011-09-27T20:57:33.6895545+02:00" finish="2011-09-27T20:57:34.4113584+02:00" />
  <ResultSummary outcome="Completed">
    <Counters total="7" executed="7" passed="7" error="0" failed="0" timeout="0" aborted="0" inconclusive="0" passedButRunAborted="0" notRunnable="0" notExecuted="0" disconnected="0" warning="0" completed="0" inProgress="0" pending="0" />
  </ResultSummary>
  <TestDefinitions>
    <UnitTest name="When_given_a_constructor_with_one_value_parameter_Then_it_should_handle_this" storage="c:\users\mufflon\documents\visual studio 11\projects\constructortester\testproject1\bin\debug\constructortestertests.dll" id="8037305c-f53e-428f-e951-87f57bffe102">
      <Execution id="2607ab59-0526-4a4e-af4d-fcc5b23c47ae" />
      <TestMethod codeBase="C:/Users/Mufflon/documents/visual studio 11/Projects/ConstructorTester/TestProject1/bin/Debug/ConstructorTesterTests.DLL" adapterTypeName="Microsoft.VisualStudio.TestTools.TestTypes.Unit.UnitTestAdapter, Microsoft.VisualStudio.QualityTools.Tips.UnitTest.Adapter, Version=11.0.0.0, Culture=neutral, PublicKeyToken=b03f5f7f11d50a3a" className="ConstructorTesterTests.ArgumentNullTestTests, ConstructorTesterTests, Version=1.0.0.0, Culture=neutral, PublicKeyToken=null" name="When_given_a_constructor_with_one_value_parameter_Then_it_should_handle_this" />
    </UnitTest>
    <UnitTest name="When_given_a_default_constructor_Then_it_should_handle_this" storage="c:\users\mufflon\documents\visual studio 11\projects\constructortester\testproject1\bin\debug\constructortestertests.dll" id="109f2b18-5fe0-6cc6-e617-564a51ff5ba3">
      <Execution id="ce09d326-788b-40e9-a0dd-b7a0011c63e1" />
      <TestMethod codeBase="C:/Users/Mufflon/documents/visual studio 11/Projects/ConstructorTester/TestProject1/bin/Debug/ConstructorTesterTests.DLL" adapterTypeName="Microsoft.VisualStudio.TestTools.TestTypes.Unit.UnitTestAdapter, Microsoft.VisualStudio.QualityTools.Tips.UnitTest.Adapter, Version=11.0.0.0, Culture=neutral, PublicKeyToken=b03f5f7f11d50a3a" className="ConstructorTesterTests.ArgumentNullTestTests, ConstructorTesterTests, Version=1.0.0.0, Culture=neutral, PublicKeyToken=null" name="When_given_a_default_constructor_Then_it_should_handle_this" />
    </UnitTest>
    <UnitTest name="When_given_an_internal_constructor_with_one_class_parameter_Then_it_should_handle_this" storage="c:\users\mufflon\documents\visual studio 11\projects\constructortester\testproject1\bin\debug\constructortestertests.dll" id="c1546c68-3d37-df22-0334-d20ca54e92ab">
      <Execution id="a7678baa-5c64-4335-8fa8-2ec4f0a1f093" />
      <TestMethod codeBase="C:/Users/Mufflon/documents/visual studio 11/Projects/ConstructorTester/TestProject1/bin/Debug/ConstructorTesterTests.DLL" adapterTypeName="Microsoft.VisualStudio.TestTools.TestTypes.Unit.UnitTestAdapter, Microsoft.VisualStudio.QualityTools.Tips.UnitTest.Adapter, Version=11.0.0.0, Culture=neutral, PublicKeyToken=b03f5f7f11d50a3a" className="ConstructorTesterTests.ArgumentNullTestTests, ConstructorTesterTests, Version=1.0.0.0, Culture=neutral, PublicKeyToken=null" name="When_given_an_internal_constructor_with_one_class_parameter_Then_it_should_handle_this" />
    </UnitTest>
    <UnitTest name="When_given_a_constructor_calling_an_abstract_base_class_Then_it_should_handle_this" storage="c:\users\mufflon\documents\visual studio 11\projects\constructortester\testproject1\bin\debug\constructortestertests.dll" id="1be7005f-3454-1b0e-0ae2-005b83a28cb2">
      <Execution id="135a2aad-ade8-4f42-9fdb-7c0d7c5da185" />
      <TestMethod codeBase="C:/Users/Mufflon/documents/visual studio 11/Projects/ConstructorTester/TestProject1/bin/Debug/ConstructorTesterTests.DLL" adapterTypeName="Microsoft.VisualStudio.TestTools.TestTypes.Unit.UnitTestAdapter, Microsoft.VisualStudio.QualityTools.Tips.UnitTest.Adapter, Version=11.0.0.0, Culture=neutral, PublicKeyToken=b03f5f7f11d50a3a" className="ConstructorTesterTests.ArgumentNullTestTests, ConstructorTesterTests, Version=1.0.0.0, Culture=neutral, PublicKeyToken=null" name="When_given_a_constructor_calling_an_abstract_base_class_Then_it_should_handle_this" />
    </UnitTest>
    <UnitTest name="When_given_a_constructor_with_one_class_parameter_Then_it_should_handle_this" storage="c:\users\mufflon\documents\visual studio 11\projects\constructortester\testproject1\bin\debug\constructortestertests.dll" id="98101bdf-c153-0c62-21d5-ea83358f3fb2">
      <Execution id="20bad303-76f3-492a-9d0a-c5a3421cfb50" />
      <TestMethod codeBase="C:/Users/Mufflon/documents/visual studio 11/Projects/ConstructorTester/TestProject1/bin/Debug/ConstructorTesterTests.DLL" adapterTypeName="Microsoft.VisualStudio.TestTools.TestTypes.Unit.UnitTestAdapter, Microsoft.VisualStudio.QualityTools.Tips.UnitTest.Adapter, Version=11.0.0.0, Culture=neutral, PublicKeyToken=b03f5f7f11d50a3a" className="ConstructorTesterTests.ArgumentNullTestTests, ConstructorTesterTests, Version=1.0.0.0, Culture=neutral, PublicKeyToken=null" name="When_given_a_constructor_with_one_class_parameter_Then_it_should_handle_this" />
    </UnitTest>
    <UnitTest name="When_given_a_constructor_with_one_interface_parameter_Then_it_should_handle_this" storage="c:\users\mufflon\documents\visual studio 11\projects\constructortester\testproject1\bin\debug\constructortestertests.dll" id="a7aef663-41f9-5d8a-b5a0-852543a8fa27">
      <Execution id="38898aee-dc7f-493d-bc2d-d3d31ce1eb2e" />
      <TestMethod codeBase="C:/Users/Mufflon/documents/visual studio 11/Projects/ConstructorTester/TestProject1/bin/Debug/ConstructorTesterTests.DLL" adapterTypeName="Microsoft.VisualStudio.TestTools.TestTypes.Unit.UnitTestAdapter, Microsoft.VisualStudio.QualityTools.Tips.UnitTest.Adapter, Version=11.0.0.0, Culture=neutral, PublicKeyToken=b03f5f7f11d50a3a" className="ConstructorTesterTests.ArgumentNullTestTests, ConstructorTesterTests, Version=1.0.0.0, Culture=neutral, PublicKeyToken=null" name="When_given_a_constructor_with_one_interface_parameter_Then_it_should_handle_this" />
    </UnitTest>
    <UnitTest name="When_given_a_constructor_of_an_internal_class_Then_it_should_handle_this" storage="c:\users\mufflon\documents\visual studio 11\projects\constructortester\testproject1\bin\debug\constructortestertests.dll" id="dbbbe58d-9b08-5cfd-b33e-a060ac86e32c">
      <Execution id="e4e771c0-9245-4bf1-8027-03701bf68a28" />
      <TestMethod codeBase="C:/Users/Mufflon/documents/visual studio 11/Projects/ConstructorTester/TestProject1/bin/Debug/ConstructorTesterTests.DLL" adapterTypeName="Microsoft.VisualStudio.TestTools.TestTypes.Unit.UnitTestAdapter, Microsoft.VisualStudio.QualityTools.Tips.UnitTest.Adapter, Version=11.0.0.0, Culture=neutral, PublicKeyToken=b03f5f7f11d50a3a" className="ConstructorTesterTests.ArgumentNullTestTests, ConstructorTesterTests, Version=1.0.0.0, Culture=neutral, PublicKeyToken=null" name="When_given_a_constructor_of_an_internal_class_Then_it_should_handle_this" />
    </UnitTest>
  </TestDefinitions>
  <TestLists>
    <TestList name="Results Not in a List" id="8c84fa94-04c1-424b-9868-57a2d4851a1d" />
    <TestList name="All Loaded Results" id="19431567-8539-422a-85d7-44ee4e166bda" />
  </TestLists>
  <TestEntries>
    <TestEntry testId="109f2b18-5fe0-6cc6-e617-564a51ff5ba3" executionId="ce09d326-788b-40e9-a0dd-b7a0011c63e1" testListId="8c84fa94-04c1-424b-9868-57a2d4851a1d" />
    <TestEntry testId="1be7005f-3454-1b0e-0ae2-005b83a28cb2" executionId="135a2aad-ade8-4f42-9fdb-7c0d7c5da185" testListId="8c84fa94-04c1-424b-9868-57a2d4851a1d" />
    <TestEntry testId="8037305c-f53e-428f-e951-87f57bffe102" executionId="2607ab59-0526-4a4e-af4d-fcc5b23c47ae" testListId="8c84fa94-04c1-424b-9868-57a2d4851a1d" />
    <TestEntry testId="98101bdf-c153-0c62-21d5-ea83358f3fb2" executionId="20bad303-76f3-492a-9d0a-c5a3421cfb50" testListId="8c84fa94-04c1-424b-9868-57a2d4851a1d" />
    <TestEntry testId="a7aef663-41f9-5d8a-b5a0-852543a8fa27" executionId="38898aee-dc7f-493d-bc2d-d3d31ce1eb2e" testListId="8c84fa94-04c1-424b-9868-57a2d4851a1d" />
    <TestEntry testId="c1546c68-3d37-df22-0334-d20ca54e92ab" executionId="a7678baa-5c64-4335-8fa8-2ec4f0a1f093" testListId="8c84fa94-04c1-424b-9868-57a2d4851a1d" />
    <TestEntry testId="dbbbe58d-9b08-5cfd-b33e-a060ac86e32c" executionId="e4e771c0-9245-4bf1-8027-03701bf68a28" testListId="8c84fa94-04c1-424b-9868-57a2d4851a1d" />
  </TestEntries>
  <Results>
    <UnitTestResult executionId="ce09d326-788b-40e9-a0dd-b7a0011c63e1" testId="109f2b18-5fe0-6cc6-e617-564a51ff5ba3" testName="When_given_a_default_constructor_Then_it_should_handle_this" computerName="HOME-PC" duration="00:00:00.0344360" startTime="2011-09-27T20:57:33.7005545+02:00" endTime="2011-09-27T20:57:34.0837539+02:00" testType="13cdc9d9-ddb5-4fa4-a97d-d965ccfc6d4b" outcome="Passed" testListId="8c84fa94-04c1-424b-9868-57a2d4851a1d" relativeResultsDirectory="ce09d326-788b-40e9-a0dd-b7a0011c63e1">
    </UnitTestResult>
    <UnitTestResult executionId="135a2aad-ade8-4f42-9fdb-7c0d7c5da185" testId="1be7005f-3454-1b0e-0ae2-005b83a28cb2" testName="When_given_a_constructor_calling_an_abstract_base_class_Then_it_should_handle_this" computerName="HOME-PC" duration="00:00:00.0070414" startTime="2011-09-27T20:57:34.0993573+02:00" endTime="2011-09-27T20:57:34.1305570+02:00" testType="13cdc9d9-ddb5-4fa4-a97d-d965ccfc6d4b" outcome="Passed" testListId="8c84fa94-04c1-424b-9868-57a2d4851a1d" relativeResultsDirectory="135a2aad-ade8-4f42-9fdb-7c0d7c5da185">
    </UnitTestResult>
    <UnitTestResult executionId="2607ab59-0526-4a4e-af4d-fcc5b23c47ae" testId="8037305c-f53e-428f-e951-87f57bffe102" testName="When_given_a_constructor_with_one_value_parameter_Then_it_should_handle_this" computerName="HOME-PC" duration="00:00:00.0062086" startTime="2011-09-27T20:57:34.1305570+02:00" endTime="2011-09-27T20:57:34.1773543+02:00" testType="13cdc9d9-ddb5-4fa4-a97d-d965ccfc6d4b" outcome="Passed" testListId="8c84fa94-04c1-424b-9868-57a2d4851a1d" relativeResultsDirectory="2607ab59-0526-4a4e-af4d-fcc5b23c47ae">
    </UnitTestResult>
    <UnitTestResult executionId="20bad303-76f3-492a-9d0a-c5a3421cfb50" testId="98101bdf-c153-0c62-21d5-ea83358f3fb2" testName="When_given_a_constructor_with_one_class_parameter_Then_it_should_handle_this" computerName="HOME-PC" duration="00:00:00.0012357" startTime="2011-09-27T20:57:34.1929545+02:00" endTime="2011-09-27T20:57:34.2085560+02:00" testType="13cdc9d9-ddb5-4fa4-a97d-d965ccfc6d4b" outcome="Passed" testListId="8c84fa94-04c1-424b-9868-57a2d4851a1d" relativeResultsDirectory="20bad303-76f3-492a-9d0a-c5a3421cfb50">
    </UnitTestResult>
    <UnitTestResult executionId="38898aee-dc7f-493d-bc2d-d3d31ce1eb2e" testId="a7aef663-41f9-5d8a-b5a0-852543a8fa27" testName="When_given_a_constructor_with_one_interface_parameter_Then_it_should_handle_this" computerName="HOME-PC" duration="00:00:00.1568897" startTime="2011-09-27T20:57:34.2085560+02:00" endTime="2011-09-27T20:57:34.3645546+02:00" testType="13cdc9d9-ddb5-4fa4-a97d-d965ccfc6d4b" outcome="Passed" testListId="8c84fa94-04c1-424b-9868-57a2d4851a1d" relativeResultsDirectory="38898aee-dc7f-493d-bc2d-d3d31ce1eb2e">
    </UnitTestResult>
    <UnitTestResult executionId="a7678baa-5c64-4335-8fa8-2ec4f0a1f093" testId="c1546c68-3d37-df22-0334-d20ca54e92ab" testName="When_given_an_internal_constructor_with_one_class_parameter_Then_it_should_handle_this" computerName="HOME-PC" duration="00:00:00.0013075" startTime="2011-09-27T20:57:34.3645546+02:00" endTime="2011-09-27T20:57:34.3801574+02:00" testType="13cdc9d9-ddb5-4fa4-a97d-d965ccfc6d4b" outcome="Passed" testListId="8c84fa94-04c1-424b-9868-57a2d4851a1d" relativeResultsDirectory="a7678baa-5c64-4335-8fa8-2ec4f0a1f093">
    </UnitTestResult>
    <UnitTestResult executionId="e4e771c0-9245-4bf1-8027-03701bf68a28" testId="dbbbe58d-9b08-5cfd-b33e-a060ac86e32c" testName="When_given_a_constructor_of_an_internal_class_Then_it_should_handle_this" computerName="HOME-PC" duration="00:00:00.0012164" startTime="2011-09-27T20:57:34.3801574+02:00" endTime="2011-09-27T20:57:34.3957576+02:00" testType="13cdc9d9-ddb5-4fa4-a97d-d965ccfc6d4b" outcome="Passed" testListId="8c84fa94-04c1-424b-9868-57a2d4851a1d" relativeResultsDirectory="e4e771c0-9245-4bf1-8027-03701bf68a28">
    </UnitTestResult>
  </Results>
</TestRun>