<?xml version="1.0" encoding="UTF-8"?>
<TestRun id="ab8a5a34-7c60-40b4-a3cb-71da175decd8" name="Mufflon@HOME-PC 2011-09-27 20:55:34" runUser="HOME-PC\Mufflon" xmlns="http://microsoft.com/schemas/VisualStudio/TeamTest/2010">
  <TestSettings name="Local" id="6c7d477a-e894-4a70-b286-0f6354b03526">
    <Description>These are default test settings for a local test run.</Description>
    <Deployment enabled="false" runDeploymentRoot="Mufflon_HOME-PC 2011-09-27 20_55_34">
      <DeploymentItem filename="C:\Users\Mufflon\documents\visual studio 11\Projects\ConstructorTester\packages\NUnit.2.5.10.11092\lib\nunit.framework.dll" />
      <DeploymentItem filename="C:\Users\Mufflon\documents\visual studio 11\Projects\ConstructorTester\packages\NUnit.2.5.10.11092\lib\nunit.mocks.dll" />
      <DeploymentItem filename="C:\Users\Mufflon\documents\visual studio 11\Projects\ConstructorTester\ConstructorTester\bin\Debug\ConstructorTester.dll" />
      <DeploymentItem filename="C:\Users\Mufflon\documents\visual studio 11\Projects\ConstructorTester\packages\NUnit.2.5.10.11092\lib\pnunit.framework.dll" />
    </Deployment>
    <Execution>
      <TestTypeSpecific />
      <AgentRule name="Execution Agents">
      </AgentRule>
    </Execution>
  </TestSettings>
  <Times creation="2011-09-27T20:55:34.7690170+02:00" queuing="2011-09-27T20:55:34.8314223+02:00" start="2011-09-27T20:55:34.8626182+02:00" finish="2011-09-27T20:55:35.6582193+02:00" />
  <ResultSummary outcome="Completed">
    <Counters total="7" executed="7" passed="7" error="0" failed="0" timeout="0" aborted="0" inconclusive="0" passedButRunAborted="0" notRunnable="0" notExecuted="0" disconnected="0" warning="0" completed="0" inProgress="0" pending="0" />
  </ResultSummary>
  <TestDefinitions>
    <UnitTest name="When_given_a_constructor_with_one_value_parameter_Then_it_should_handle_this" storage="c:\users\mufflon\documents\visual studio 11\projects\constructortester\testproject1\bin\debug\constructortestertests.dll" id="8037305c-f53e-428f-e951-87f57bffe102">
      <Execution id="f0b7c001-f107-4b3e-8ed9-b2ddf1428982" />
      <TestMethod codeBase="C:/Users/Mufflon/documents/visual studio 11/Projects/ConstructorTester/TestProject1/bin/Debug/ConstructorTesterTests.DLL" adapterTypeName="Microsoft.VisualStudio.TestTools.TestTypes.Unit.UnitTestAdapter, Microsoft.VisualStudio.QualityTools.Tips.UnitTest.Adapter, Version=11.0.0.0, Culture=neutral, PublicKeyToken=b03f5f7f11d50a3a" className="ConstructorTesterTests.ArgumentNullTestTests, ConstructorTesterTests, Version=1.0.0.0, Culture=neutral, PublicKeyToken=null" name="When_given_a_constructor_with_one_value_parameter_Then_it_should_handle_this" />
    </UnitTest>
    <UnitTest name="When_given_a_default_constructor_Then_it_should_handle_this" storage="c:\users\mufflon\documents\visual studio 11\projects\constructortester\testproject1\bin\debug\constructortestertests.dll" id="109f2b18-5fe0-6cc6-e617-564a51ff5ba3">
      <Execution id="14d39e45-eb5c-410c-afc9-4e9aefd3810b" />
      <TestMethod codeBase="C:/Users/Mufflon/documents/visual studio 11/Projects/ConstructorTester/TestProject1/bin/Debug/ConstructorTesterTests.DLL" adapterTypeName="Microsoft.VisualStudio.TestTools.TestTypes.Unit.UnitTestAdapter, Microsoft.VisualStudio.QualityTools.Tips.UnitTest.Adapter, Version=11.0.0.0, Culture=neutral, PublicKeyToken=b03f5f7f11d50a3a" className="ConstructorTesterTests.ArgumentNullTestTests, ConstructorTesterTests, Version=1.0.0.0, Culture=neutral, PublicKeyToken=null" name="When_given_a_default_constructor_Then_it_should_handle_this" />
    </UnitTest>
    <UnitTest name="When_given_an_internal_constructor_with_one_class_parameter_Then_it_should_handle_this" storage="c:\users\mufflon\documents\visual studio 11\projects\constructortester\testproject1\bin\debug\constructortestertests.dll" id="c1546c68-3d37-df22-0334-d20ca54e92ab">
      <Execution id="077a8114-bc9f-474b-babe-370f39fbc8d3" />
      <TestMethod codeBase="C:/Users/Mufflon/documents/visual studio 11/Projects/ConstructorTester/TestProject1/bin/Debug/ConstructorTesterTests.DLL" adapterTypeName="Microsoft.VisualStudio.TestTools.TestTypes.Unit.UnitTestAdapter, Microsoft.VisualStudio.QualityTools.Tips.UnitTest.Adapter, Version=11.0.0.0, Culture=neutral, PublicKeyToken=b03f5f7f11d50a3a" className="ConstructorTesterTests.ArgumentNullTestTests, ConstructorTesterTests, Version=1.0.0.0, Culture=neutral, PublicKeyToken=null" name="When_given_an_internal_constructor_with_one_class_parameter_Then_it_should_handle_this" />
    </UnitTest>
    <UnitTest name="When_given_a_constructor_calling_an_abstract_base_class_Then_it_should_handle_this" storage="c:\users\mufflon\documents\visual studio 11\projects\constructortester\testproject1\bin\debug\constructortestertests.dll" id="1be7005f-3454-1b0e-0ae2-005b83a28cb2">
      <Execution id="ab836871-848c-4760-98c5-4a942f613f19" />
      <TestMethod codeBase="C:/Users/Mufflon/documents/visual studio 11/Projects/ConstructorTester/TestProject1/bin/Debug/ConstructorTesterTests.DLL" adapterTypeName="Microsoft.VisualStudio.TestTools.TestTypes.Unit.UnitTestAdapter, Microsoft.VisualStudio.QualityTools.Tips.UnitTest.Adapter, Version=11.0.0.0, Culture=neutral, PublicKeyToken=b03f5f7f11d50a3a" className="ConstructorTesterTests.ArgumentNullTestTests, ConstructorTesterTests, Version=1.0.0.0, Culture=neutral, PublicKeyToken=null" name="When_given_a_constructor_calling_an_abstract_base_class_Then_it_should_handle_this" />
    </UnitTest>
    <UnitTest name="When_given_a_constructor_with_one_class_parameter_Then_it_should_handle_this" storage="c:\users\mufflon\documents\visual studio 11\projects\constructortester\testproject1\bin\debug\constructortestertests.dll" id="98101bdf-c153-0c62-21d5-ea83358f3fb2">
      <Execution id="2bf125db-a9be-4b0d-8a7f-44d23d902a83" />
      <TestMethod codeBase="C:/Users/Mufflon/documents/visual studio 11/Projects/ConstructorTester/TestProject1/bin/Debug/ConstructorTesterTests.DLL" adapterTypeName="Microsoft.VisualStudio.TestTools.TestTypes.Unit.UnitTestAdapter, Microsoft.VisualStudio.QualityTools.Tips.UnitTest.Adapter, Version=11.0.0.0, Culture=neutral, PublicKeyToken=b03f5f7f11d50a3a" className="ConstructorTesterTests.ArgumentNullTestTests, ConstructorTesterTests, Version=1.0.0.0, Culture=neutral, PublicKeyToken=null" name="When_given_a_constructor_with_one_class_parameter_Then_it_should_handle_this" />
    </UnitTest>
    <UnitTest name="When_given_a_constructor_with_one_interface_parameter_Then_it_should_handle_this" storage="c:\users\mufflon\documents\visual studio 11\projects\constructortester\testproject1\bin\debug\constructortestertests.dll" id="a7aef663-41f9-5d8a-b5a0-852543a8fa27">
      <Execution id="89e21ce8-38dd-4335-b734-acd82f588c04" />
      <TestMethod codeBase="C:/Users/Mufflon/documents/visual studio 11/Projects/ConstructorTester/TestProject1/bin/Debug/ConstructorTesterTests.DLL" adapterTypeName="Microsoft.VisualStudio.TestTools.TestTypes.Unit.UnitTestAdapter, Microsoft.VisualStudio.QualityTools.Tips.UnitTest.Adapter, Version=11.0.0.0, Culture=neutral, PublicKeyToken=b03f5f7f11d50a3a" className="ConstructorTesterTests.ArgumentNullTestTests, ConstructorTesterTests, Version=1.0.0.0, Culture=neutral, PublicKeyToken=null" name="When_given_a_constructor_with_one_interface_parameter_Then_it_should_handle_this" />
    </UnitTest>
    <UnitTest name="When_given_a_constructor_of_an_internal_class_Then_it_should_handle_this" storage="c:\users\mufflon\documents\visual studio 11\projects\constructortester\testproject1\bin\debug\constructortestertests.dll" id="dbbbe58d-9b08-5cfd-b33e-a060ac86e32c">
      <Execution id="83039d04-d97d-45ec-a7f4-8e4d2aaf17ca" />
      <TestMethod codeBase="C:/Users/Mufflon/documents/visual studio 11/Projects/ConstructorTester/TestProject1/bin/Debug/ConstructorTesterTests.DLL" adapterTypeName="Microsoft.VisualStudio.TestTools.TestTypes.Unit.UnitTestAdapter, Microsoft.VisualStudio.QualityTools.Tips.UnitTest.Adapter, Version=11.0.0.0, Culture=neutral, PublicKeyToken=b03f5f7f11d50a3a" className="ConstructorTesterTests.ArgumentNullTestTests, ConstructorTesterTests, Version=1.0.0.0, Culture=neutral, PublicKeyToken=null" name="When_given_a_constructor_of_an_internal_class_Then_it_should_handle_this" />
    </UnitTest>
  </TestDefinitions>
  <TestLists>
    <TestList name="Results Not in a List" id="8c84fa94-04c1-424b-9868-57a2d4851a1d" />
    <TestList name="All Loaded Results" id="19431567-8539-422a-85d7-44ee4e166bda" />
  </TestLists>
  <TestEntries>
    <TestEntry testId="109f2b18-5fe0-6cc6-e617-564a51ff5ba3" executionId="14d39e45-eb5c-410c-afc9-4e9aefd3810b" testListId="8c84fa94-04c1-424b-9868-57a2d4851a1d" />
    <TestEntry testId="1be7005f-3454-1b0e-0ae2-005b83a28cb2" executionId="ab836871-848c-4760-98c5-4a942f613f19" testListId="8c84fa94-04c1-424b-9868-57a2d4851a1d" />
    <TestEntry testId="8037305c-f53e-428f-e951-87f57bffe102" executionId="f0b7c001-f107-4b3e-8ed9-b2ddf1428982" testListId="8c84fa94-04c1-424b-9868-57a2d4851a1d" />
    <TestEntry testId="98101bdf-c153-0c62-21d5-ea83358f3fb2" executionId="2bf125db-a9be-4b0d-8a7f-44d23d902a83" testListId="8c84fa94-04c1-424b-9868-57a2d4851a1d" />
    <TestEntry testId="a7aef663-41f9-5d8a-b5a0-852543a8fa27" executionId="89e21ce8-38dd-4335-b734-acd82f588c04" testListId="8c84fa94-04c1-424b-9868-57a2d4851a1d" />
    <TestEntry testId="c1546c68-3d37-df22-0334-d20ca54e92ab" executionId="077a8114-bc9f-474b-babe-370f39fbc8d3" testListId="8c84fa94-04c1-424b-9868-57a2d4851a1d" />
    <TestEntry testId="dbbbe58d-9b08-5cfd-b33e-a060ac86e32c" executionId="83039d04-d97d-45ec-a7f4-8e4d2aaf17ca" testListId="8c84fa94-04c1-424b-9868-57a2d4851a1d" />
  </TestEntries>
  <Results>
    <UnitTestResult executionId="14d39e45-eb5c-410c-afc9-4e9aefd3810b" testId="109f2b18-5fe0-6cc6-e617-564a51ff5ba3" testName="When_given_a_default_constructor_Then_it_should_handle_this" computerName="HOME-PC" duration="00:00:00.0315533" startTime="2011-09-27T20:55:34.9094169+02:00" endTime="2011-09-27T20:55:35.3306155+02:00" testType="13cdc9d9-ddb5-4fa4-a97d-d965ccfc6d4b" outcome="Passed" testListId="8c84fa94-04c1-424b-9868-57a2d4851a1d" relativeResultsDirectory="14d39e45-eb5c-410c-afc9-4e9aefd3810b">
    </UnitTestResult>
    <UnitTestResult executionId="ab836871-848c-4760-98c5-4a942f613f19" testId="1be7005f-3454-1b0e-0ae2-005b83a28cb2" testName="When_given_a_constructor_calling_an_abstract_base_class_Then_it_should_handle_this" computerName="HOME-PC" duration="00:00:00.0016880" startTime="2011-09-27T20:55:35.3462183+02:00" endTime="2011-09-27T20:55:35.3462183+02:00" testType="13cdc9d9-ddb5-4fa4-a97d-d965ccfc6d4b" outcome="Passed" testListId="8c84fa94-04c1-424b-9868-57a2d4851a1d" relativeResultsDirectory="ab836871-848c-4760-98c5-4a942f613f19">
    </UnitTestResult>
    <UnitTestResult executionId="f0b7c001-f107-4b3e-8ed9-b2ddf1428982" testId="8037305c-f53e-428f-e951-87f57bffe102" testName="When_given_a_constructor_with_one_value_parameter_Then_it_should_handle_this" computerName="HOME-PC" duration="00:00:00.0002540" startTime="2011-09-27T20:55:35.3618185+02:00" endTime="2011-09-27T20:55:35.3774180+02:00" testType="13cdc9d9-ddb5-4fa4-a97d-d965ccfc6d4b" outcome="Passed" testListId="8c84fa94-04c1-424b-9868-57a2d4851a1d" relativeResultsDirectory="f0b7c001-f107-4b3e-8ed9-b2ddf1428982">
    </UnitTestResult>
    <UnitTestResult executionId="2bf125db-a9be-4b0d-8a7f-44d23d902a83" testId="98101bdf-c153-0c62-21d5-ea83358f3fb2" testName="When_given_a_constructor_with_one_class_parameter_Then_it_should_handle_this" computerName="HOME-PC" duration="00:00:00.0011933" startTime="2011-09-27T20:55:35.3774180+02:00" endTime="2011-09-27T20:55:35.3930163+02:00" testType="13cdc9d9-ddb5-4fa4-a97d-d965ccfc6d4b" outcome="Passed" testListId="8c84fa94-04c1-424b-9868-57a2d4851a1d" relativeResultsDirectory="2bf125db-a9be-4b0d-8a7f-44d23d902a83">
    </UnitTestResult>
    <UnitTestResult executionId="89e21ce8-38dd-4335-b734-acd82f588c04" testId="a7aef663-41f9-5d8a-b5a0-852543a8fa27" testName="When_given_a_constructor_with_one_interface_parameter_Then_it_should_handle_this" computerName="HOME-PC" duration="00:00:00.1512860" startTime="2011-09-27T20:55:35.3930163+02:00" endTime="2011-09-27T20:55:35.5490168+02:00" testType="13cdc9d9-ddb5-4fa4-a97d-d965ccfc6d4b" outcome="Passed" testListId="8c84fa94-04c1-424b-9868-57a2d4851a1d" relativeResultsDirectory="89e21ce8-38dd-4335-b734-acd82f588c04">
    </UnitTestResult>
    <UnitTestResult executionId="077a8114-bc9f-474b-babe-370f39fbc8d3" testId="c1546c68-3d37-df22-0334-d20ca54e92ab" testName="When_given_an_internal_constructor_with_one_class_parameter_Then_it_should_handle_this" computerName="HOME-PC" duration="00:00:00.0012979" startTime="2011-09-27T20:55:35.5490168+02:00" endTime="2011-09-27T20:55:35.5646189+02:00" testType="13cdc9d9-ddb5-4fa4-a97d-d965ccfc6d4b" outcome="Passed" testListId="8c84fa94-04c1-424b-9868-57a2d4851a1d" relativeResultsDirectory="077a8114-bc9f-474b-babe-370f39fbc8d3">
    </UnitTestResult>
    <UnitTestResult executionId="83039d04-d97d-45ec-a7f4-8e4d2aaf17ca" testId="dbbbe58d-9b08-5cfd-b33e-a060ac86e32c" testName="When_given_a_constructor_of_an_internal_class_Then_it_should_handle_this" computerName="HOME-PC" duration="00:00:00.0011895" startTime="2011-09-27T20:55:35.5646189+02:00" endTime="2011-09-27T20:55:35.5646189+02:00" testType="13cdc9d9-ddb5-4fa4-a97d-d965ccfc6d4b" outcome="Passed" testListId="8c84fa94-04c1-424b-9868-57a2d4851a1d" relativeResultsDirectory="83039d04-d97d-45ec-a7f4-8e4d2aaf17ca">
    </UnitTestResult>
  </Results>
</TestRun>